// Jest Snapshot v1, https://goo.gl/fbAQLP

exports[`<Loading /> should render correctly and snapshot 1`] = `
<View
  style={
    {
      "alignItems": "center",
      "flex": 1,
      "justifyContent": "center",
    }
  }
>
  <ActivityIndicator
    color="#A2AD91"
    size="large"
  />
</View>
`;
