// Jest Snapshot v1, https://goo.gl/fbAQLP

exports[`<HorizontalLine /> should render correctly and snapshot 1`] = `
<View
  style={
    {
      "borderBottomColor": "#A2AD91",
      "borderBottomWidth": 1,
      "marginVertical": 5,
      "width": "100%",
    }
  }
/>
`;
